<?xml version="1.0" encoding="UTF-8"?>
<testsuites name="Mocha Tests" time="0.0010" tests="0" failures="1">
  <testsuite name="Root Suite" timestamp="2021-01-24T17:25:40" tests="0" time="0.0000" failures="0">
  </testsuite>
  <testsuite name="Book API" timestamp="2021-01-24T17:25:40" tests="0" file="/projects/challenge/test/books.test.js" time="0.0010" failures="1">
    <testcase name="Book API &quot;before all&quot; hook" time="0.0010" classname="&quot;before all&quot; hook">
      <failure message="Book.destroy is not a function" type="TypeError"><![CDATA[TypeError: Book.destroy is not a function
    at Context.<anonymous> (test/books.test.js:23:10)]]></failure>
    </testcase>
  </testsuite>
</testsuites>